======================================================================
SmartCAPEX AI - Multi-Objective Optimizer
TOPSIS + IPSO Integration for Maritime Retrofit Decisions
======================================================================

Analyzing vessel: M/V Turkish Coaster
DWT: 5000 tons, Age: 15 years

======================================================================
Running Multi-Objective Optimization...
======================================================================
python : Traceback (mo
st recent call last):
At line:1 char:1
+ python agents\multi_
objective_optimizer.py
 > test_output.txt 2>&
1; ca ...
+ ~~~~~~~~~~~~~~~~~~~~
~~~~~~~~~~~~~~~~~~~~~~
~~~~~~~~~~~~~~~~~~~~~~
~
    + CategoryInfo    
          : NotSpeci  
  fied: (Traceback    
 (most recent call    
 last)::String) [    ]
, RemoteExceptio    n
    + FullyQualifiedE 
   rrorId : NativeCo  
  mmandError
 
  File "C:\Users\abdur
\Desktop\Scap\SmartCAP
EX_AI_KIM_1501\agents\
multi_objective_optimi
zer.py", line 1116, in
 <module>
    results = optimize
r.optimize_scenarios(
        vessel_data,
    ...<2 lines>...
        sensitivity_an
alysis=True
    )
  File "C:\Users\abdur
\Desktop\Scap\SmartCAP
EX_AI_KIM_1501\agents\
multi_objective_optimi
zer.py", line 795, in 
optimize_scenarios
    self.find_pareto_f
ront()
    ~~~~~~~~~~~~~~~~~~
~~~~^^
  File "C:\Users\abdur
\Desktop\Scap\SmartCAP
EX_AI_KIM_1501\agents\
multi_objective_optimi
zer.py", line 820, in 
find_pareto_front
    result['npv'],  # 
Maximize NPV
    ~~~~~~^^^^^^^
TypeError: list indice
s must be integers or 
slices, not str
